2026-03-01 21:32:37.222 [background-preinit] [34mINFO [0;39m [36mo.h.validator.internal.util.Version[0;39m - HV000001: Hibernate Validator 8.0.1.Final
2026-03-01 21:32:37.296 [main] [34mINFO [0;39m [36mc.f.M.MomentForeverBookingApplication[0;39m - Starting MomentForeverBookingApplication using Java 17.0.12 with PID 71572 (C:\Project_APP\backend\MomentForeverBooking\target\classes started by Manish Sharma in C:\Project_APP\backend\MomentForeverBooking)
2026-03-01 21:32:37.298 [main] [39mDEBUG[0;39m [36mc.f.M.MomentForeverBookingApplication[0;39m - Running with Spring Boot v3.1.5, Spring v6.0.13
2026-03-01 21:32:37.307 [main] [34mINFO [0;39m [36mc.f.M.MomentForeverBookingApplication[0;39m - No active profile set, falling back to 1 default profile: "default"
2026-03-01 21:32:38.469 [main] [34mINFO [0;39m [36mo.s.d.r.c.RepositoryConfigurationDelegate[0;39m - Bootstrapping Spring Data JPA repositories in DEFAULT mode.
2026-03-01 21:32:38.529 [main] [34mINFO [0;39m [36mo.s.d.r.c.RepositoryConfigurationDelegate[0;39m - Finished Spring Data repository scanning in 53 ms. Found 1 JPA repository interfaces.
2026-03-01 21:32:39.205 [main] [1;31mERROR[0;39m [36mo.a.c.core.AprLifecycleListener[0;39m - An incompatible version [1.2.31] of the Apache Tomcat Native library is installed, while Tomcat requires version [1.2.34]
2026-03-01 21:32:39.618 [main] [34mINFO [0;39m [36mo.s.b.w.e.tomcat.TomcatWebServer[0;39m - Tomcat initialized with port(s): 8081 (http)
2026-03-01 21:32:39.805 [main] [34mINFO [0;39m [36mo.s.b.w.s.c.ServletWebServerApplicationContext[0;39m - Root WebApplicationContext: initialization completed in 2389 ms
2026-03-01 21:32:40.023 [main] [34mINFO [0;39m [36mo.h.jpa.internal.util.LogHelper[0;39m - HHH000204: Processing PersistenceUnitInfo [name: default]
2026-03-01 21:32:40.196 [main] [34mINFO [0;39m [36morg.hibernate.Version[0;39m - HHH000412: Hibernate ORM core version 6.2.13.Final
2026-03-01 21:32:40.200 [main] [34mINFO [0;39m [36morg.hibernate.cfg.Environment[0;39m - HHH000406: Using bytecode reflection optimizer
2026-03-01 21:32:40.716 [main] [34mINFO [0;39m [36mo.s.o.j.p.SpringPersistenceUnitInfo[0;39m - No LoadTimeWeaver setup: ignoring JPA class transformer
2026-03-01 21:32:40.759 [main] [34mINFO [0;39m [36mcom.zaxxer.hikari.HikariDataSource[0;39m - MomentForever-HikariPool - Starting...
2026-03-01 21:32:40.984 [main] [34mINFO [0;39m [36mcom.zaxxer.hikari.pool.HikariPool[0;39m - MomentForever-HikariPool - Added connection org.postgresql.jdbc.PgConnection@608b35fa
2026-03-01 21:32:40.987 [main] [34mINFO [0;39m [36mcom.zaxxer.hikari.HikariDataSource[0;39m - MomentForever-HikariPool - Start completed.
2026-03-01 21:32:41.038 [main] [31mWARN [0;39m [36morg.hibernate.orm.deprecation[0;39m - HHH90000025: PostgreSQLDialect does not need to be specified explicitly using 'hibernate.dialect' (remove the property setting and it will be selected by default)
2026-03-01 21:32:42.022 [main] [34mINFO [0;39m [36mo.h.e.t.j.p.i.JtaPlatformInitiator[0;39m - HHH000489: No JTA platform available (set 'hibernate.transaction.jta.platform' to enable JTA platform integration)
2026-03-01 21:32:42.040 [main] [34mINFO [0;39m [36mo.hibernate.orm.connections.access[0;39m - HHH10001501: Connection obtained from JdbcConnectionAccess [org.hibernate.engine.jdbc.env.internal.JdbcEnvironmentInitiator$ConnectionProviderJdbcConnectionAccess@69926b6e] for (non-JTA) DDL execution was not in auto-commit mode; the Connection 'local transaction' will be committed and the Connection will be set into auto-commit mode.
2026-03-01 21:32:42.192 [main] [34mINFO [0;39m [36mo.s.o.j.LocalContainerEntityManagerFactoryBean[0;39m - Initialized JPA EntityManagerFactory for persistence unit 'default'
2026-03-01 21:32:43.336 [main] [39mDEBUG[0;39m [36mo.s.w.s.m.m.a.RequestMappingHandlerAdapter[0;39m - ControllerAdvice beans: 0 @ModelAttribute, 0 @InitBinder, 1 RequestBodyAdvice, 1 ResponseBodyAdvice
2026-03-01 21:32:43.481 [main] [39mDEBUG[0;39m [36mo.s.w.s.m.m.a.RequestMappingHandlerMapping[0;39m - 9 mappings in 'requestMappingHandlerMapping'
2026-03-01 21:32:43.525 [main] [39mDEBUG[0;39m [36mo.s.w.s.h.SimpleUrlHandlerMapping[0;39m - Patterns [/webjars/**, /**, /swagger-ui*/*swagger-initializer.js, /swagger-ui*/**] in 'resourceHandlerMapping'
2026-03-01 21:32:43.537 [main] [39mDEBUG[0;39m [36mo.s.w.s.m.m.a.ExceptionHandlerExceptionResolver[0;39m - ControllerAdvice beans: 1 @ExceptionHandler, 1 ResponseBodyAdvice
2026-03-01 21:32:45.815 [main] [31mWARN [0;39m [36mo.s.b.w.s.c.AnnotationConfigServletWebServerApplicationContext[0;39m - Exception encountered during context initialization - cancelling refresh attempt: org.springframework.context.ApplicationContextException: Failed to start bean 'webServerStartStop'
2026-03-01 21:32:45.822 [main] [34mINFO [0;39m [36mo.s.o.j.LocalContainerEntityManagerFactoryBean[0;39m - Closing JPA EntityManagerFactory for persistence unit 'default'
2026-03-01 21:32:45.831 [main] [34mINFO [0;39m [36mcom.zaxxer.hikari.HikariDataSource[0;39m - MomentForever-HikariPool - Shutdown initiated...
2026-03-01 21:32:45.845 [main] [34mINFO [0;39m [36mcom.zaxxer.hikari.HikariDataSource[0;39m - MomentForever-HikariPool - Shutdown completed.
2026-03-01 21:32:45.904 [main] [34mINFO [0;39m [36mo.s.b.a.l.ConditionEvaluationReportLogger[0;39m - 

Error starting ApplicationContext. To display the condition evaluation report re-run your application with 'debug' enabled.
2026-03-01 21:32:45.976 [main] [1;31mERROR[0;39m [36mo.s.b.d.LoggingFailureAnalysisReporter[0;39m - 

***************************
APPLICATION FAILED TO START
***************************

Description:

Web server failed to start. Port 8081 was already in use.

Action:

Identify and stop the process that's listening on port 8081 or configure this application to listen on another port.

2026-03-01 21:32:54.646 [background-preinit] [34mINFO [0;39m [36mo.h.validator.internal.util.Version[0;39m - HV000001: Hibernate Validator 8.0.1.Final
2026-03-01 21:32:54.701 [main] [34mINFO [0;39m [36mc.f.M.MomentForeverBookingApplication[0;39m - Starting MomentForeverBookingApplication using Java 17.0.12 with PID 27324 (C:\Project_APP\backend\MomentForeverBooking\target\classes started by Manish Sharma in C:\Project_APP\backend\MomentForeverBooking)
2026-03-01 21:32:54.702 [main] [39mDEBUG[0;39m [36mc.f.M.MomentForeverBookingApplication[0;39m - Running with Spring Boot v3.1.5, Spring v6.0.13
2026-03-01 21:32:54.703 [main] [34mINFO [0;39m [36mc.f.M.MomentForeverBookingApplication[0;39m - No active profile set, falling back to 1 default profile: "default"
2026-03-01 21:32:55.862 [main] [34mINFO [0;39m [36mo.s.d.r.c.RepositoryConfigurationDelegate[0;39m - Bootstrapping Spring Data JPA repositories in DEFAULT mode.
2026-03-01 21:32:55.986 [main] [34mINFO [0;39m [36mo.s.d.r.c.RepositoryConfigurationDelegate[0;39m - Finished Spring Data repository scanning in 106 ms. Found 1 JPA repository interfaces.
2026-03-01 21:32:56.583 [main] [1;31mERROR[0;39m [36mo.a.c.core.AprLifecycleListener[0;39m - An incompatible version [1.2.31] of the Apache Tomcat Native library is installed, while Tomcat requires version [1.2.34]
2026-03-01 21:32:57.064 [main] [34mINFO [0;39m [36mo.s.b.w.e.tomcat.TomcatWebServer[0;39m - Tomcat initialized with port(s): 8081 (http)
2026-03-01 21:32:57.264 [main] [34mINFO [0;39m [36mo.s.b.w.s.c.ServletWebServerApplicationContext[0;39m - Root WebApplicationContext: initialization completed in 2471 ms
2026-03-01 21:32:57.485 [main] [34mINFO [0;39m [36mo.h.jpa.internal.util.LogHelper[0;39m - HHH000204: Processing PersistenceUnitInfo [name: default]
2026-03-01 21:32:57.576 [main] [34mINFO [0;39m [36morg.hibernate.Version[0;39m - HHH000412: Hibernate ORM core version 6.2.13.Final
2026-03-01 21:32:57.580 [main] [34mINFO [0;39m [36morg.hibernate.cfg.Environment[0;39m - HHH000406: Using bytecode reflection optimizer
2026-03-01 21:32:58.062 [main] [34mINFO [0;39m [36mo.s.o.j.p.SpringPersistenceUnitInfo[0;39m - No LoadTimeWeaver setup: ignoring JPA class transformer
2026-03-01 21:32:58.113 [main] [34mINFO [0;39m [36mcom.zaxxer.hikari.HikariDataSource[0;39m - MomentForever-HikariPool - Starting...
2026-03-01 21:32:58.401 [main] [34mINFO [0;39m [36mcom.zaxxer.hikari.pool.HikariPool[0;39m - MomentForever-HikariPool - Added connection org.postgresql.jdbc.PgConnection@154864f8
2026-03-01 21:32:58.405 [main] [34mINFO [0;39m [36mcom.zaxxer.hikari.HikariDataSource[0;39m - MomentForever-HikariPool - Start completed.
2026-03-01 21:32:58.451 [main] [31mWARN [0;39m [36morg.hibernate.orm.deprecation[0;39m - HHH90000025: PostgreSQLDialect does not need to be specified explicitly using 'hibernate.dialect' (remove the property setting and it will be selected by default)
2026-03-01 21:32:59.963 [main] [34mINFO [0;39m [36mo.h.e.t.j.p.i.JtaPlatformInitiator[0;39m - HHH000489: No JTA platform available (set 'hibernate.transaction.jta.platform' to enable JTA platform integration)
2026-03-01 21:32:59.996 [main] [34mINFO [0;39m [36mo.hibernate.orm.connections.access[0;39m - HHH10001501: Connection obtained from JdbcConnectionAccess [org.hibernate.engine.jdbc.env.internal.JdbcEnvironmentInitiator$ConnectionProviderJdbcConnectionAccess@7ef3aa21] for (non-JTA) DDL execution was not in auto-commit mode; the Connection 'local transaction' will be committed and the Connection will be set into auto-commit mode.
2026-03-01 21:33:00.127 [main] [34mINFO [0;39m [36mo.s.o.j.LocalContainerEntityManagerFactoryBean[0;39m - Initialized JPA EntityManagerFactory for persistence unit 'default'
2026-03-01 21:33:01.410 [main] [39mDEBUG[0;39m [36mo.s.w.s.m.m.a.RequestMappingHandlerAdapter[0;39m - ControllerAdvice beans: 0 @ModelAttribute, 0 @InitBinder, 1 RequestBodyAdvice, 1 ResponseBodyAdvice
2026-03-01 21:33:01.632 [main] [39mDEBUG[0;39m [36mo.s.w.s.m.m.a.RequestMappingHandlerMapping[0;39m - 9 mappings in 'requestMappingHandlerMapping'
2026-03-01 21:33:01.682 [main] [39mDEBUG[0;39m [36mo.s.w.s.h.SimpleUrlHandlerMapping[0;39m - Patterns [/webjars/**, /**, /swagger-ui*/*swagger-initializer.js, /swagger-ui*/**] in 'resourceHandlerMapping'
2026-03-01 21:33:01.701 [main] [39mDEBUG[0;39m [36mo.s.w.s.m.m.a.ExceptionHandlerExceptionResolver[0;39m - ControllerAdvice beans: 1 @ExceptionHandler, 1 ResponseBodyAdvice
2026-03-01 21:33:02.913 [main] [34mINFO [0;39m [36mo.s.b.w.e.tomcat.TomcatWebServer[0;39m - Tomcat started on port(s): 8081 (http) with context path '/api'
2026-03-01 21:33:03.091 [main] [34mINFO [0;39m [36mc.f.M.MomentForeverBookingApplication[0;39m - Started MomentForeverBookingApplication in 9.148 seconds (process running for 10.356)
2026-03-01 21:34:37.524 [background-preinit] [34mINFO [0;39m [36mo.h.validator.internal.util.Version[0;39m - HV000001: Hibernate Validator 8.0.1.Final
2026-03-01 21:34:37.599 [main] [34mINFO [0;39m [36mc.f.M.MomentForeverBookingApplication[0;39m - Starting MomentForeverBookingApplication using Java 17.0.12 with PID 69080 (C:\Project_APP\backend\MomentForeverBooking\target\classes started by Manish Sharma in C:\Project_APP\backend\MomentForeverBooking)
2026-03-01 21:34:37.600 [main] [39mDEBUG[0;39m [36mc.f.M.MomentForeverBookingApplication[0;39m - Running with Spring Boot v3.1.5, Spring v6.0.13
2026-03-01 21:34:37.601 [main] [34mINFO [0;39m [36mc.f.M.MomentForeverBookingApplication[0;39m - No active profile set, falling back to 1 default profile: "default"
2026-03-01 21:34:38.539 [main] [34mINFO [0;39m [36mo.s.d.r.c.RepositoryConfigurationDelegate[0;39m - Bootstrapping Spring Data JPA repositories in DEFAULT mode.
2026-03-01 21:34:38.614 [main] [34mINFO [0;39m [36mo.s.d.r.c.RepositoryConfigurationDelegate[0;39m - Finished Spring Data repository scanning in 65 ms. Found 1 JPA repository interfaces.
2026-03-01 21:34:38.988 [main] [1;31mERROR[0;39m [36mo.a.c.core.AprLifecycleListener[0;39m - An incompatible version [1.2.31] of the Apache Tomcat Native library is installed, while Tomcat requires version [1.2.34]
2026-03-01 21:34:39.312 [main] [34mINFO [0;39m [36mo.s.b.w.e.tomcat.TomcatWebServer[0;39m - Tomcat initialized with port(s): 8081 (http)
2026-03-01 21:34:39.463 [main] [34mINFO [0;39m [36mo.s.b.w.s.c.ServletWebServerApplicationContext[0;39m - Root WebApplicationContext: initialization completed in 1795 ms
2026-03-01 21:34:39.631 [main] [34mINFO [0;39m [36mo.h.jpa.internal.util.LogHelper[0;39m - HHH000204: Processing PersistenceUnitInfo [name: default]
2026-03-01 21:34:39.692 [main] [34mINFO [0;39m [36morg.hibernate.Version[0;39m - HHH000412: Hibernate ORM core version 6.2.13.Final
2026-03-01 21:34:39.694 [main] [34mINFO [0;39m [36morg.hibernate.cfg.Environment[0;39m - HHH000406: Using bytecode reflection optimizer
2026-03-01 21:34:40.002 [main] [34mINFO [0;39m [36mo.s.o.j.p.SpringPersistenceUnitInfo[0;39m - No LoadTimeWeaver setup: ignoring JPA class transformer
2026-03-01 21:34:40.033 [main] [34mINFO [0;39m [36mcom.zaxxer.hikari.HikariDataSource[0;39m - MomentForever-HikariPool - Starting...
2026-03-01 21:34:40.349 [main] [34mINFO [0;39m [36mcom.zaxxer.hikari.pool.HikariPool[0;39m - MomentForever-HikariPool - Added connection org.postgresql.jdbc.PgConnection@3d235635
2026-03-01 21:34:40.352 [main] [34mINFO [0;39m [36mcom.zaxxer.hikari.HikariDataSource[0;39m - MomentForever-HikariPool - Start completed.
2026-03-01 21:34:40.392 [main] [31mWARN [0;39m [36morg.hibernate.orm.deprecation[0;39m - HHH90000025: PostgreSQLDialect does not need to be specified explicitly using 'hibernate.dialect' (remove the property setting and it will be selected by default)
2026-03-01 21:34:41.524 [main] [34mINFO [0;39m [36mo.h.e.t.j.p.i.JtaPlatformInitiator[0;39m - HHH000489: No JTA platform available (set 'hibernate.transaction.jta.platform' to enable JTA platform integration)
2026-03-01 21:34:41.557 [main] [34mINFO [0;39m [36mo.hibernate.orm.connections.access[0;39m - HHH10001501: Connection obtained from JdbcConnectionAccess [org.hibernate.engine.jdbc.env.internal.JdbcEnvironmentInitiator$ConnectionProviderJdbcConnectionAccess@4e1104f4] for (non-JTA) DDL execution was not in auto-commit mode; the Connection 'local transaction' will be committed and the Connection will be set into auto-commit mode.
2026-03-01 21:34:41.646 [main] [34mINFO [0;39m [36mo.s.o.j.LocalContainerEntityManagerFactoryBean[0;39m - Initialized JPA EntityManagerFactory for persistence unit 'default'
2026-03-01 21:34:42.366 [main] [39mDEBUG[0;39m [36mo.s.w.s.m.m.a.RequestMappingHandlerAdapter[0;39m - ControllerAdvice beans: 0 @ModelAttribute, 0 @InitBinder, 1 RequestBodyAdvice, 1 ResponseBodyAdvice
2026-03-01 21:34:42.457 [main] [39mDEBUG[0;39m [36mo.s.w.s.m.m.a.RequestMappingHandlerMapping[0;39m - 9 mappings in 'requestMappingHandlerMapping'
2026-03-01 21:34:42.475 [main] [39mDEBUG[0;39m [36mo.s.w.s.h.SimpleUrlHandlerMapping[0;39m - Patterns [/webjars/**, /**, /swagger-ui*/*swagger-initializer.js, /swagger-ui*/**] in 'resourceHandlerMapping'
2026-03-01 21:34:42.481 [main] [39mDEBUG[0;39m [36mo.s.w.s.m.m.a.ExceptionHandlerExceptionResolver[0;39m - ControllerAdvice beans: 1 @ExceptionHandler, 1 ResponseBodyAdvice
2026-03-01 21:34:43.136 [main] [31mWARN [0;39m [36mo.s.b.w.s.c.AnnotationConfigServletWebServerApplicationContext[0;39m - Exception encountered during context initialization - cancelling refresh attempt: org.springframework.context.ApplicationContextException: Failed to start bean 'webServerStartStop'
2026-03-01 21:34:43.139 [main] [34mINFO [0;39m [36mo.s.o.j.LocalContainerEntityManagerFactoryBean[0;39m - Closing JPA EntityManagerFactory for persistence unit 'default'
2026-03-01 21:34:43.142 [main] [34mINFO [0;39m [36mcom.zaxxer.hikari.HikariDataSource[0;39m - MomentForever-HikariPool - Shutdown initiated...
2026-03-01 21:34:43.152 [main] [34mINFO [0;39m [36mcom.zaxxer.hikari.HikariDataSource[0;39m - MomentForever-HikariPool - Shutdown completed.
2026-03-01 21:34:43.178 [main] [34mINFO [0;39m [36mo.s.b.a.l.ConditionEvaluationReportLogger[0;39m - 

Error starting ApplicationContext. To display the condition evaluation report re-run your application with 'debug' enabled.
2026-03-01 21:34:43.211 [main] [1;31mERROR[0;39m [36mo.s.b.d.LoggingFailureAnalysisReporter[0;39m - 

***************************
APPLICATION FAILED TO START
***************************

Description:

Web server failed to start. Port 8081 was already in use.

Action:

Identify and stop the process that's listening on port 8081 or configure this application to listen on another port.

2026-03-01 21:37:19.407 [background-preinit] [34mINFO [0;39m [36mo.h.validator.internal.util.Version[0;39m - HV000001: Hibernate Validator 8.0.1.Final
2026-03-01 21:37:19.544 [main] [34mINFO [0;39m [36mc.f.M.MomentForeverBookingApplication[0;39m - Starting MomentForeverBookingApplication using Java 17.0.12 with PID 25284 (C:\Project_APP\backend\MomentForeverBooking\target\classes started by Manish Sharma in C:\Project_APP\backend\MomentForeverBooking)
2026-03-01 21:37:19.546 [main] [39mDEBUG[0;39m [36mc.f.M.MomentForeverBookingApplication[0;39m - Running with Spring Boot v3.1.5, Spring v6.0.13
2026-03-01 21:37:19.549 [main] [34mINFO [0;39m [36mc.f.M.MomentForeverBookingApplication[0;39m - No active profile set, falling back to 1 default profile: "default"
2026-03-01 21:37:20.419 [main] [34mINFO [0;39m [36mo.s.d.r.c.RepositoryConfigurationDelegate[0;39m - Bootstrapping Spring Data JPA repositories in DEFAULT mode.
2026-03-01 21:37:20.492 [main] [34mINFO [0;39m [36mo.s.d.r.c.RepositoryConfigurationDelegate[0;39m - Finished Spring Data repository scanning in 62 ms. Found 1 JPA repository interfaces.
2026-03-01 21:37:20.887 [main] [1;31mERROR[0;39m [36mo.a.c.core.AprLifecycleListener[0;39m - An incompatible version [1.2.31] of the Apache Tomcat Native library is installed, while Tomcat requires version [1.2.34]
2026-03-01 21:37:21.212 [main] [34mINFO [0;39m [36mo.s.b.w.e.tomcat.TomcatWebServer[0;39m - Tomcat initialized with port(s): 8081 (http)
2026-03-01 21:37:21.467 [main] [34mINFO [0;39m [36mo.s.b.w.s.c.ServletWebServerApplicationContext[0;39m - Root WebApplicationContext: initialization completed in 1853 ms
2026-03-01 21:37:21.657 [main] [34mINFO [0;39m [36mo.h.jpa.internal.util.LogHelper[0;39m - HHH000204: Processing PersistenceUnitInfo [name: default]
2026-03-01 21:37:21.740 [main] [34mINFO [0;39m [36morg.hibernate.Version[0;39m - HHH000412: Hibernate ORM core version 6.2.13.Final
2026-03-01 21:37:21.748 [main] [34mINFO [0;39m [36morg.hibernate.cfg.Environment[0;39m - HHH000406: Using bytecode reflection optimizer
2026-03-01 21:37:22.109 [main] [34mINFO [0;39m [36mo.s.o.j.p.SpringPersistenceUnitInfo[0;39m - No LoadTimeWeaver setup: ignoring JPA class transformer
2026-03-01 21:37:22.148 [main] [34mINFO [0;39m [36mcom.zaxxer.hikari.HikariDataSource[0;39m - MomentForever-HikariPool - Starting...
2026-03-01 21:37:22.386 [main] [34mINFO [0;39m [36mcom.zaxxer.hikari.pool.HikariPool[0;39m - MomentForever-HikariPool - Added connection org.postgresql.jdbc.PgConnection@17354708
2026-03-01 21:37:22.388 [main] [34mINFO [0;39m [36mcom.zaxxer.hikari.HikariDataSource[0;39m - MomentForever-HikariPool - Start completed.
2026-03-01 21:37:22.432 [main] [31mWARN [0;39m [36morg.hibernate.orm.deprecation[0;39m - HHH90000025: PostgreSQLDialect does not need to be specified explicitly using 'hibernate.dialect' (remove the property setting and it will be selected by default)
2026-03-01 21:37:23.538 [main] [34mINFO [0;39m [36mo.h.e.t.j.p.i.JtaPlatformInitiator[0;39m - HHH000489: No JTA platform available (set 'hibernate.transaction.jta.platform' to enable JTA platform integration)
2026-03-01 21:37:23.557 [main] [34mINFO [0;39m [36mo.hibernate.orm.connections.access[0;39m - HHH10001501: Connection obtained from JdbcConnectionAccess [org.hibernate.engine.jdbc.env.internal.JdbcEnvironmentInitiator$ConnectionProviderJdbcConnectionAccess@7a78d2aa] for (non-JTA) DDL execution was not in auto-commit mode; the Connection 'local transaction' will be committed and the Connection will be set into auto-commit mode.
2026-03-01 21:37:23.661 [main] [34mINFO [0;39m [36mo.s.o.j.LocalContainerEntityManagerFactoryBean[0;39m - Initialized JPA EntityManagerFactory for persistence unit 'default'
2026-03-01 21:37:24.551 [main] [39mDEBUG[0;39m [36mo.s.w.s.m.m.a.RequestMappingHandlerAdapter[0;39m - ControllerAdvice beans: 0 @ModelAttribute, 0 @InitBinder, 1 RequestBodyAdvice, 1 ResponseBodyAdvice
2026-03-01 21:37:24.661 [main] [39mDEBUG[0;39m [36mo.s.w.s.m.m.a.RequestMappingHandlerMapping[0;39m - 9 mappings in 'requestMappingHandlerMapping'
2026-03-01 21:37:24.689 [main] [39mDEBUG[0;39m [36mo.s.w.s.h.SimpleUrlHandlerMapping[0;39m - Patterns [/webjars/**, /**, /swagger-ui*/*swagger-initializer.js, /swagger-ui*/**] in 'resourceHandlerMapping'
2026-03-01 21:37:24.707 [main] [39mDEBUG[0;39m [36mo.s.w.s.m.m.a.ExceptionHandlerExceptionResolver[0;39m - ControllerAdvice beans: 1 @ExceptionHandler, 1 ResponseBodyAdvice
2026-03-01 21:37:25.651 [main] [31mWARN [0;39m [36mo.s.b.w.s.c.AnnotationConfigServletWebServerApplicationContext[0;39m - Exception encountered during context initialization - cancelling refresh attempt: org.springframework.context.ApplicationContextException: Failed to start bean 'webServerStartStop'
2026-03-01 21:37:25.655 [main] [34mINFO [0;39m [36mo.s.o.j.LocalContainerEntityManagerFactoryBean[0;39m - Closing JPA EntityManagerFactory for persistence unit 'default'
2026-03-01 21:37:25.657 [main] [34mINFO [0;39m [36mcom.zaxxer.hikari.HikariDataSource[0;39m - MomentForever-HikariPool - Shutdown initiated...
2026-03-01 21:37:25.660 [main] [34mINFO [0;39m [36mcom.zaxxer.hikari.HikariDataSource[0;39m - MomentForever-HikariPool - Shutdown completed.
2026-03-01 21:37:25.689 [main] [34mINFO [0;39m [36mo.s.b.a.l.ConditionEvaluationReportLogger[0;39m - 

Error starting ApplicationContext. To display the condition evaluation report re-run your application with 'debug' enabled.
2026-03-01 21:37:25.711 [main] [1;31mERROR[0;39m [36mo.s.b.d.LoggingFailureAnalysisReporter[0;39m - 

***************************
APPLICATION FAILED TO START
***************************

Description:

Web server failed to start. Port 8081 was already in use.

Action:

Identify and stop the process that's listening on port 8081 or configure this application to listen on another port.

2026-03-01 21:47:13.982 [SpringApplicationShutdownHook] [34mINFO [0;39m [36mo.s.o.j.LocalContainerEntityManagerFactoryBean[0;39m - Closing JPA EntityManagerFactory for persistence unit 'default'
2026-03-01 21:47:13.993 [SpringApplicationShutdownHook] [34mINFO [0;39m [36mcom.zaxxer.hikari.HikariDataSource[0;39m - MomentForever-HikariPool - Shutdown initiated...
2026-03-01 21:47:14.008 [SpringApplicationShutdownHook] [34mINFO [0;39m [36mcom.zaxxer.hikari.HikariDataSource[0;39m - MomentForever-HikariPool - Shutdown completed.
2026-03-01 21:47:22.615 [background-preinit] [34mINFO [0;39m [36mo.h.validator.internal.util.Version[0;39m - HV000001: Hibernate Validator 8.0.1.Final
2026-03-01 21:47:22.694 [main] [34mINFO [0;39m [36mc.f.M.MomentForeverBookingApplication[0;39m - Starting MomentForeverBookingApplication using Java 17.0.12 with PID 28740 (C:\Project_APP\backend\MomentForeverBooking\target\classes started by Manish Sharma in C:\Project_APP\backend\MomentForeverBooking)
2026-03-01 21:47:22.696 [main] [39mDEBUG[0;39m [36mc.f.M.MomentForeverBookingApplication[0;39m - Running with Spring Boot v3.1.5, Spring v6.0.13
2026-03-01 21:47:22.697 [main] [34mINFO [0;39m [36mc.f.M.MomentForeverBookingApplication[0;39m - No active profile set, falling back to 1 default profile: "default"
2026-03-01 21:47:24.014 [main] [34mINFO [0;39m [36mo.s.d.r.c.RepositoryConfigurationDelegate[0;39m - Bootstrapping Spring Data JPA repositories in DEFAULT mode.
2026-03-01 21:47:24.140 [main] [34mINFO [0;39m [36mo.s.d.r.c.RepositoryConfigurationDelegate[0;39m - Finished Spring Data repository scanning in 108 ms. Found 1 JPA repository interfaces.
2026-03-01 21:47:24.820 [main] [1;31mERROR[0;39m [36mo.a.c.core.AprLifecycleListener[0;39m - An incompatible version [1.2.31] of the Apache Tomcat Native library is installed, while Tomcat requires version [1.2.34]
2026-03-01 21:47:25.415 [main] [34mINFO [0;39m [36mo.s.b.w.e.tomcat.TomcatWebServer[0;39m - Tomcat initialized with port(s): 8081 (http)
2026-03-01 21:47:25.745 [main] [34mINFO [0;39m [36mo.s.b.w.s.c.ServletWebServerApplicationContext[0;39m - Root WebApplicationContext: initialization completed in 2948 ms
2026-03-01 21:47:26.073 [main] [34mINFO [0;39m [36mo.h.jpa.internal.util.LogHelper[0;39m - HHH000204: Processing PersistenceUnitInfo [name: default]
2026-03-01 21:47:26.183 [main] [34mINFO [0;39m [36morg.hibernate.Version[0;39m - HHH000412: Hibernate ORM core version 6.2.13.Final
2026-03-01 21:47:26.187 [main] [34mINFO [0;39m [36morg.hibernate.cfg.Environment[0;39m - HHH000406: Using bytecode reflection optimizer
2026-03-01 21:47:26.765 [main] [34mINFO [0;39m [36mo.s.o.j.p.SpringPersistenceUnitInfo[0;39m - No LoadTimeWeaver setup: ignoring JPA class transformer
2026-03-01 21:47:26.830 [main] [34mINFO [0;39m [36mcom.zaxxer.hikari.HikariDataSource[0;39m - MomentForever-HikariPool - Starting...
2026-03-01 21:47:27.186 [main] [34mINFO [0;39m [36mcom.zaxxer.hikari.pool.HikariPool[0;39m - MomentForever-HikariPool - Added connection org.postgresql.jdbc.PgConnection@3e39f08c
2026-03-01 21:47:27.190 [main] [34mINFO [0;39m [36mcom.zaxxer.hikari.HikariDataSource[0;39m - MomentForever-HikariPool - Start completed.
2026-03-01 21:47:27.251 [main] [31mWARN [0;39m [36morg.hibernate.orm.deprecation[0;39m - HHH90000025: PostgreSQLDialect does not need to be specified explicitly using 'hibernate.dialect' (remove the property setting and it will be selected by default)
2026-03-01 21:47:28.659 [main] [34mINFO [0;39m [36mo.h.e.t.j.p.i.JtaPlatformInitiator[0;39m - HHH000489: No JTA platform available (set 'hibernate.transaction.jta.platform' to enable JTA platform integration)
2026-03-01 21:47:28.694 [main] [34mINFO [0;39m [36mo.hibernate.orm.connections.access[0;39m - HHH10001501: Connection obtained from JdbcConnectionAccess [org.hibernate.engine.jdbc.env.internal.JdbcEnvironmentInitiator$ConnectionProviderJdbcConnectionAccess@c7a1db6] for (non-JTA) DDL execution was not in auto-commit mode; the Connection 'local transaction' will be committed and the Connection will be set into auto-commit mode.
2026-03-01 21:47:28.818 [main] [34mINFO [0;39m [36mo.s.o.j.LocalContainerEntityManagerFactoryBean[0;39m - Initialized JPA EntityManagerFactory for persistence unit 'default'
2026-03-01 21:47:30.450 [main] [39mDEBUG[0;39m [36mo.s.w.s.m.m.a.RequestMappingHandlerAdapter[0;39m - ControllerAdvice beans: 0 @ModelAttribute, 0 @InitBinder, 1 RequestBodyAdvice, 1 ResponseBodyAdvice
2026-03-01 21:47:30.649 [main] [39mDEBUG[0;39m [36mo.s.w.s.m.m.a.RequestMappingHandlerMapping[0;39m - 9 mappings in 'requestMappingHandlerMapping'
2026-03-01 21:47:30.707 [main] [39mDEBUG[0;39m [36mo.s.w.s.h.SimpleUrlHandlerMapping[0;39m - Patterns [/webjars/**, /**, /swagger-ui*/*swagger-initializer.js, /swagger-ui*/**] in 'resourceHandlerMapping'
2026-03-01 21:47:30.728 [main] [39mDEBUG[0;39m [36mo.s.w.s.m.m.a.ExceptionHandlerExceptionResolver[0;39m - ControllerAdvice beans: 1 @ExceptionHandler, 1 ResponseBodyAdvice
2026-03-01 21:47:32.217 [main] [34mINFO [0;39m [36mo.s.b.w.e.tomcat.TomcatWebServer[0;39m - Tomcat started on port(s): 8081 (http) with context path '/api'
2026-03-01 21:47:32.412 [main] [34mINFO [0;39m [36mc.f.M.MomentForeverBookingApplication[0;39m - Started MomentForeverBookingApplication in 10.633 seconds (process running for 12.057)
2026-03-01 21:47:44.851 [org.springframework.kafka.KafkaListenerEndpointContainer#0-0-C-1] [34mINFO [0;39m [36mc.f.M.c.BookingRequestConsumer[0;39m - Received booking-requested: bookingId=MFB-1772379780662-DF0B, userId=1
2026-03-01 21:47:55.930 [org.springframework.kafka.KafkaListenerEndpointContainer#0-0-C-1] [34mINFO [0;39m [36mc.f.M.s.impl.BookingServiceImpl[0;39m - Persisted PENDING booking: bookingId=MFB-1772379780662-DF0B
2026-03-01 21:47:55.932 [org.springframework.kafka.KafkaListenerEndpointContainer#0-0-C-1] [34mINFO [0;39m [36mc.f.M.producer.BookingEventProducer[0;39m - Publishing payment-requested event for bookingId=MFB-1772379780662-DF0B
2026-03-01 21:53:06.324 [MomentForever-HikariPool housekeeper] [31mWARN [0;39m [36mcom.zaxxer.hikari.pool.HikariPool[0;39m - MomentForever-HikariPool - Thread starvation or clock leap detected (housekeeper delta=5m39s22ms268µs100ns).
2026-03-01 22:19:04.508 [MomentForever-HikariPool housekeeper] [31mWARN [0;39m [36mcom.zaxxer.hikari.pool.HikariPool[0;39m - MomentForever-HikariPool - Thread starvation or clock leap detected (housekeeper delta=25m58s185ms94µs600ns).
2026-03-01 22:19:04.517 [org.springframework.kafka.KafkaListenerEndpointContainer#0-0-C-1] [1;31mERROR[0;39m [36mc.f.M.c.BookingRequestConsumer[0;39m - Failed to process booking-requested for bookingId=MFB-1772379780662-DF0B: Offset commit cannot be completed since the consumer is not part of an active group for auto partition assignment; it is likely that the consumer was kicked out of the group.
org.apache.kafka.clients.consumer.CommitFailedException: Offset commit cannot be completed since the consumer is not part of an active group for auto partition assignment; it is likely that the consumer was kicked out of the group.
	at org.apache.kafka.clients.consumer.internals.ConsumerCoordinator.sendOffsetCommitRequest(ConsumerCoordinator.java:1316)
	at org.apache.kafka.clients.consumer.internals.ConsumerCoordinator.commitOffsetsSync(ConsumerCoordinator.java:1173)
	at org.apache.kafka.clients.consumer.KafkaConsumer.commitSync(KafkaConsumer.java:1502)
	at org.springframework.kafka.listener.KafkaMessageListenerContainer$ListenerConsumer.doCommitSync(KafkaMessageListenerContainer.java:3285)
	at org.springframework.kafka.listener.KafkaMessageListenerContainer$ListenerConsumer.commitSync(KafkaMessageListenerContainer.java:3280)
	at org.springframework.kafka.listener.KafkaMessageListenerContainer$ListenerConsumer.ackImmediate(KafkaMessageListenerContainer.java:2111)
	at org.springframework.kafka.listener.KafkaMessageListenerContainer$ListenerConsumer.processAck(KafkaMessageListenerContainer.java:2023)
	at org.springframework.kafka.listener.KafkaMessageListenerContainer$ListenerConsumer.doAck(KafkaMessageListenerContainer.java:2003)
	at org.springframework.kafka.listener.KafkaMessageListenerContainer$ListenerConsumer$ConsumerAcknowledgment.acknowledge(KafkaMessageListenerContainer.java:3407)
	at com.forvmom.MomentForeverPayment.consumer.BookingRequestConsumer.onBookingRequested(BookingRequestConsumer.java:40)
	at java.base/jdk.internal.reflect.NativeMethodAccessorImpl.invoke0(Native Method)
	at java.base/jdk.internal.reflect.NativeMethodAccessorImpl.invoke(NativeMethodAccessorImpl.java:77)
	at java.base/jdk.internal.reflect.DelegatingMethodAccessorImpl.invoke(DelegatingMethodAccessorImpl.java:43)
	at java.base/java.lang.reflect.Method.invoke(Method.java:568)
	at org.springframework.messaging.handler.invocation.InvocableHandlerMethod.doInvoke(InvocableHandlerMethod.java:169)
	at org.springframework.messaging.handler.invocation.InvocableHandlerMethod.invoke(InvocableHandlerMethod.java:119)
	at org.springframework.kafka.listener.adapter.HandlerAdapter.invoke(HandlerAdapter.java:56)
	at org.springframework.kafka.listener.adapter.MessagingMessageListenerAdapter.invokeHandler(MessagingMessageListenerAdapter.java:375)
	at org.springframework.kafka.listener.adapter.RecordMessagingMessageListenerAdapter.onMessage(RecordMessagingMessageListenerAdapter.java:92)
	at org.springframework.kafka.listener.adapter.RecordMessagingMessageListenerAdapter.onMessage(RecordMessagingMessageListenerAdapter.java:53)
	at org.springframework.kafka.listener.KafkaMessageListenerContainer$ListenerConsumer.doInvokeOnMessage(KafkaMessageListenerContainer.java:2873)
	at org.springframework.kafka.listener.KafkaMessageListenerContainer$ListenerConsumer.invokeOnMessage(KafkaMessageListenerContainer.java:2854)
	at org.springframework.kafka.listener.KafkaMessageListenerContainer$ListenerConsumer.lambda$doInvokeRecordListener$57(KafkaMessageListenerContainer.java:2772)
	at io.micrometer.observation.Observation.lambda$observe$4(Observation.java:544)
	at io.micrometer.observation.Observation.observeWithContext(Observation.java:603)
	at io.micrometer.observation.Observation.observe(Observation.java:544)
	at org.springframework.kafka.listener.KafkaMessageListenerContainer$ListenerConsumer.doInvokeRecordListener(KafkaMessageListenerContainer.java:2770)
	at org.springframework.kafka.listener.KafkaMessageListenerContainer$ListenerConsumer.doInvokeWithRecords(KafkaMessageListenerContainer.java:2622)
	at org.springframework.kafka.listener.KafkaMessageListenerContainer$ListenerConsumer.invokeRecordListener(KafkaMessageListenerContainer.java:2508)
	at org.springframework.kafka.listener.KafkaMessageListenerContainer$ListenerConsumer.invokeListener(KafkaMessageListenerContainer.java:2150)
	at org.springframework.kafka.listener.KafkaMessageListenerContainer$ListenerConsumer.invokeIfHaveRecords(KafkaMessageListenerContainer.java:1505)
	at org.springframework.kafka.listener.KafkaMessageListenerContainer$ListenerConsumer.pollAndInvoke(KafkaMessageListenerContainer.java:1469)
	at org.springframework.kafka.listener.KafkaMessageListenerContainer$ListenerConsumer.run(KafkaMessageListenerContainer.java:1344)
	at java.base/java.util.concurrent.CompletableFuture$AsyncRun.run$$$capture(CompletableFuture.java:1804)
	at java.base/java.util.concurrent.CompletableFuture$AsyncRun.run(CompletableFuture.java)
	at java.base/java.lang.Thread.run(Thread.java:842)
2026-03-01 22:19:08.874 [org.springframework.kafka.KafkaListenerEndpointContainer#0-0-C-1] [34mINFO [0;39m [36mc.f.M.c.BookingRequestConsumer[0;39m - Received booking-requested: bookingId=MFB-1772379780662-DF0B, userId=1
2026-03-01 22:19:08.892 [org.springframework.kafka.KafkaListenerEndpointContainer#0-0-C-1] [31mWARN [0;39m [36mc.f.M.s.impl.BookingServiceImpl[0;39m - Booking already exists. Ignored duplicate event. bookingId=MFB-1772379780662-DF0B
2026-03-01 22:19:09.010 [org.springframework.kafka.KafkaListenerEndpointContainer#0-0-C-1] [34mINFO [0;39m [36mc.f.M.c.BookingRequestConsumer[0;39m - Successfully processed booking-requested: bookingId=MFB-1772379780662-DF0B
2026-03-01 22:19:09.011 [org.springframework.kafka.KafkaListenerEndpointContainer#0-0-C-1] [34mINFO [0;39m [36mc.f.M.c.BookingRequestConsumer[0;39m - Received booking-requested: bookingId=MFB-1772379972486-554A, userId=1
2026-03-01 22:19:09.027 [org.springframework.kafka.KafkaListenerEndpointContainer#0-0-C-1] [34mINFO [0;39m [36mc.f.M.s.impl.BookingServiceImpl[0;39m - Persisted PENDING booking: bookingId=MFB-1772379972486-554A
2026-03-01 22:19:09.027 [org.springframework.kafka.KafkaListenerEndpointContainer#0-0-C-1] [34mINFO [0;39m [36mc.f.M.producer.BookingEventProducer[0;39m - Publishing payment-requested event for bookingId=MFB-1772379972486-554A
2026-03-01 22:19:09.052 [org.springframework.kafka.KafkaListenerEndpointContainer#0-0-C-1] [34mINFO [0;39m [36mc.f.M.c.BookingRequestConsumer[0;39m - Successfully processed booking-requested: bookingId=MFB-1772379972486-554A
2026-03-01 22:19:09.053 [org.springframework.kafka.KafkaListenerEndpointContainer#0-0-C-1] [34mINFO [0;39m [36mc.f.M.c.BookingRequestConsumer[0;39m - Received booking-requested: bookingId=MFB-1772380376461-B90A, userId=1
2026-03-01 22:19:09.064 [org.springframework.kafka.KafkaListenerEndpointContainer#0-0-C-1] [34mINFO [0;39m [36mc.f.M.s.impl.BookingServiceImpl[0;39m - Persisted PENDING booking: bookingId=MFB-1772380376461-B90A
2026-03-01 22:19:09.064 [org.springframework.kafka.KafkaListenerEndpointContainer#0-0-C-1] [34mINFO [0;39m [36mc.f.M.producer.BookingEventProducer[0;39m - Publishing payment-requested event for bookingId=MFB-1772380376461-B90A
2026-03-01 22:19:09.081 [org.springframework.kafka.KafkaListenerEndpointContainer#0-0-C-1] [34mINFO [0;39m [36mc.f.M.c.BookingRequestConsumer[0;39m - Successfully processed booking-requested: bookingId=MFB-1772380376461-B90A
2026-03-01 22:19:09.083 [org.springframework.kafka.KafkaListenerEndpointContainer#0-0-C-1] [34mINFO [0;39m [36mc.f.M.c.BookingRequestConsumer[0;39m - Received booking-requested: bookingId=MFB-1772380450248-B3B6, userId=1
2026-03-01 22:19:09.094 [org.springframework.kafka.KafkaListenerEndpointContainer#0-0-C-1] [34mINFO [0;39m [36mc.f.M.s.impl.BookingServiceImpl[0;39m - Persisted PENDING booking: bookingId=MFB-1772380450248-B3B6
2026-03-01 22:19:09.096 [org.springframework.kafka.KafkaListenerEndpointContainer#0-0-C-1] [34mINFO [0;39m [36mc.f.M.producer.BookingEventProducer[0;39m - Publishing payment-requested event for bookingId=MFB-1772380450248-B3B6
2026-03-01 22:19:09.109 [org.springframework.kafka.KafkaListenerEndpointContainer#0-0-C-1] [34mINFO [0;39m [36mc.f.M.c.BookingRequestConsumer[0;39m - Successfully processed booking-requested: bookingId=MFB-1772380450248-B3B6
2026-03-01 22:19:09.111 [org.springframework.kafka.KafkaListenerEndpointContainer#0-0-C-1] [34mINFO [0;39m [36mc.f.M.c.BookingRequestConsumer[0;39m - Received booking-requested: bookingId=MFB-1772380652351-2448, userId=1
2026-03-01 22:19:09.124 [org.springframework.kafka.KafkaListenerEndpointContainer#0-0-C-1] [34mINFO [0;39m [36mc.f.M.s.impl.BookingServiceImpl[0;39m - Persisted PENDING booking: bookingId=MFB-1772380652351-2448
2026-03-01 22:19:09.124 [org.springframework.kafka.KafkaListenerEndpointContainer#0-0-C-1] [34mINFO [0;39m [36mc.f.M.producer.BookingEventProducer[0;39m - Publishing payment-requested event for bookingId=MFB-1772380652351-2448
2026-03-01 22:19:09.138 [org.springframework.kafka.KafkaListenerEndpointContainer#0-0-C-1] [34mINFO [0;39m [36mc.f.M.c.BookingRequestConsumer[0;39m - Successfully processed booking-requested: bookingId=MFB-1772380652351-2448
2026-03-01 23:05:22.912 [MomentForever-HikariPool housekeeper] [31mWARN [0;39m [36mcom.zaxxer.hikari.pool.HikariPool[0;39m - MomentForever-HikariPool - Thread starvation or clock leap detected (housekeeper delta=3m17s684ms681µs100ns).
