2026-09-14 22:36:24.975 [main] [34mINFO [0;39m [36mc.f.M.PaymentServiceApplicationTests[0;39m - Starting PaymentServiceApplicationTests using Java 17.0.12 with PID 22644 (started by rsshr in C:\work\moment-forever-payment)
2026-09-14 22:36:24.982 [main] [39mDEBUG[0;39m [36mc.f.M.PaymentServiceApplicationTests[0;39m - Running with Spring Boot v3.1.5, Spring v6.0.13
2026-09-14 22:36:24.982 [main] [34mINFO [0;39m [36mc.f.M.PaymentServiceApplicationTests[0;39m - The following 1 profile is active: "test"
2026-09-14 22:36:27.002 [main] [34mINFO [0;39m [36mo.s.d.r.c.RepositoryConfigurationDelegate[0;39m - Bootstrapping Spring Data JPA repositories in DEFAULT mode.
2026-09-14 22:36:27.276 [main] [34mINFO [0;39m [36mo.s.d.r.c.RepositoryConfigurationDelegate[0;39m - Finished Spring Data repository scanning in 249 ms. Found 4 JPA repository interfaces.
2026-09-14 22:36:27.938 [main] [34mINFO [0;39m [36mo.s.cloud.context.scope.GenericScope[0;39m - BeanFactory id=ed1d0e04-97bd-3b11-8d26-fc1458665d9a
2026-09-14 22:36:31.661 [main] [34mINFO [0;39m [36mo.h.jpa.internal.util.LogHelper[0;39m - HHH000204: Processing PersistenceUnitInfo [name: default]
2026-09-14 22:36:32.008 [main] [34mINFO [0;39m [36morg.hibernate.Version[0;39m - HHH000412: Hibernate ORM core version 6.2.13.Final
2026-09-14 22:36:32.034 [main] [34mINFO [0;39m [36morg.hibernate.cfg.Environment[0;39m - HHH000406: Using bytecode reflection optimizer
2026-09-14 22:36:33.207 [main] [34mINFO [0;39m [36mo.s.o.j.p.SpringPersistenceUnitInfo[0;39m - No LoadTimeWeaver setup: ignoring JPA class transformer
2026-09-14 22:36:33.315 [main] [34mINFO [0;39m [36mcom.zaxxer.hikari.HikariDataSource[0;39m - MomentForeverPayment-HikariPool - Starting...
2026-09-14 22:36:34.109 [main] [34mINFO [0;39m [36mcom.zaxxer.hikari.pool.HikariPool[0;39m - MomentForeverPayment-HikariPool - Added connection conn0: url=jdbc:h2:mem:testdb user=SA
2026-09-14 22:36:34.116 [main] [34mINFO [0;39m [36mcom.zaxxer.hikari.HikariDataSource[0;39m - MomentForeverPayment-HikariPool - Start completed.
2026-09-14 22:36:37.078 [main] [34mINFO [0;39m [36mo.h.e.t.j.p.i.JtaPlatformInitiator[0;39m - HHH000489: No JTA platform available (set 'hibernate.transaction.jta.platform' to enable JTA platform integration)
2026-09-14 22:36:37.145 [main] [34mINFO [0;39m [36mo.hibernate.orm.connections.access[0;39m - HHH10001501: Connection obtained from JdbcConnectionAccess [org.hibernate.engine.jdbc.env.internal.JdbcEnvironmentInitiator$ConnectionProviderJdbcConnectionAccess@37e15055] for (non-JTA) DDL execution was not in auto-commit mode; the Connection 'local transaction' will be committed and the Connection will be set into auto-commit mode.
2026-09-14 22:36:37.198 [main] [34mINFO [0;39m [36mo.hibernate.orm.connections.access[0;39m - HHH10001501: Connection obtained from JdbcConnectionAccess [org.hibernate.engine.jdbc.env.internal.JdbcEnvironmentInitiator$ConnectionProviderJdbcConnectionAccess@6f28a07e] for (non-JTA) DDL execution was not in auto-commit mode; the Connection 'local transaction' will be committed and the Connection will be set into auto-commit mode.
2026-09-14 22:36:37.297 [main] [34mINFO [0;39m [36mo.s.o.j.LocalContainerEntityManagerFactoryBean[0;39m - Initialized JPA EntityManagerFactory for persistence unit 'default'
2026-09-14 22:36:38.828 [main] [34mINFO [0;39m [36mo.s.d.j.r.query.QueryEnhancerFactory[0;39m - Hibernate is in classpath; If applicable, HQL parser will be used.
2026-09-14 22:36:45.551 [main] [31mWARN [0;39m [36mo.s.c.l.c.LoadBalancerCacheAutoConfiguration$LoadBalancerCaffeineWarnLogger[0;39m - Spring Cloud LoadBalancer is currently working with the default cache. While this cache implementation is useful for development and tests, it's recommended to use Caffeine cache in production.You can switch to using Caffeine cache, by adding it and org.springframework.cache.caffeine.CaffeineCacheManager to the classpath.
2026-09-14 22:36:45.574 [main] [34mINFO [0;39m [36mo.s.b.a.e.web.EndpointLinksResolver[0;39m - Exposing 1 endpoint(s) beneath base path '/actuator'
2026-09-14 22:36:45.995 [main] [34mINFO [0;39m [36mc.f.M.PaymentServiceApplicationTests[0;39m - Started PaymentServiceApplicationTests in 21.825 seconds (process running for 23.316)
2026-09-14 22:36:46.479 [main] [34mINFO [0;39m [36mc.f.M.service.PaymentProcessService[0;39m - Received payment request for bookingId=booking-integration-1
2026-09-14 22:36:46.954 [main] [34mINFO [0;39m [36mc.f.M.service.PaymentOutboxService[0;39m - Created new outbox record id=1 for bookingId=booking-integration-1, inboundPaymentEventType=PAYMENT_REQUESTED
2026-09-14 22:36:47.019 [main] [39mDEBUG[0;39m [36mc.f.M.service.PaymentOutboxService[0;39m - Marked outbox id=1 as PROCESSING
2026-09-14 22:36:47.057 [main] [34mINFO [0;39m [36mc.f.M.s.OutgoingPaymentOutboxService[0;39m - Created outgoing outbox record id=1, type=PAYMENT_INITIATED, bookingId=booking-integration-1
2026-09-14 22:36:47.062 [main] [39mDEBUG[0;39m [36mc.f.M.service.PaymentOutboxService[0;39m - Marked outbox id=1 as PROCESSED
2026-09-14 22:36:47.064 [main] [34mINFO [0;39m [36mc.f.M.s.PaymentTransactionService[0;39m - Persisted payment result and outgoing event for bookingId=booking-integration-1
2026-09-14 22:36:47.450 [SpringApplicationShutdownHook] [34mINFO [0;39m [36mo.s.o.j.LocalContainerEntityManagerFactoryBean[0;39m - Closing JPA EntityManagerFactory for persistence unit 'default'
2026-09-14 22:36:47.454 [SpringApplicationShutdownHook] [31mWARN [0;39m [36mo.h.e.jdbc.spi.SqlExceptionHelper[0;39m - SQL Error: 90121, SQLState: 90121
2026-09-14 22:36:47.455 [SpringApplicationShutdownHook] [1;31mERROR[0;39m [36mo.h.e.jdbc.spi.SqlExceptionHelper[0;39m - Database is already closed (to disable automatic closing at VM shutdown, add ";DB_CLOSE_ON_EXIT=FALSE" to the db URL) [90121-214]
2026-09-14 22:36:47.459 [SpringApplicationShutdownHook] [31mWARN [0;39m [36mo.h.e.jdbc.spi.SqlExceptionHelper[0;39m - SQL Error: 90121, SQLState: 90121
2026-09-14 22:36:47.460 [SpringApplicationShutdownHook] [1;31mERROR[0;39m [36mo.h.e.jdbc.spi.SqlExceptionHelper[0;39m - Database is already closed (to disable automatic closing at VM shutdown, add ";DB_CLOSE_ON_EXIT=FALSE" to the db URL) [90121-214]
2026-09-14 22:36:47.464 [SpringApplicationShutdownHook] [31mWARN [0;39m [36mo.s.b.f.s.DisposableBeanAdapter[0;39m - Invocation of destroy method failed on bean with name 'entityManagerFactory': org.hibernate.exception.JDBCConnectionException: Unable to release JDBC Connection used for DDL execution [Database is already closed (to disable automatic closing at VM shutdown, add ";DB_CLOSE_ON_EXIT=FALSE" to the db URL) [90121-214]] [n/a]
2026-09-14 22:36:47.467 [SpringApplicationShutdownHook] [34mINFO [0;39m [36mcom.zaxxer.hikari.HikariDataSource[0;39m - MomentForeverPayment-HikariPool - Shutdown initiated...
2026-09-14 22:36:47.480 [SpringApplicationShutdownHook] [34mINFO [0;39m [36mcom.zaxxer.hikari.HikariDataSource[0;39m - MomentForeverPayment-HikariPool - Shutdown completed.
2026-09-14 23:28:33.684 [main] [34mINFO [0;39m [36mc.f.M.PaymentServiceApplicationTests[0;39m - Starting PaymentServiceApplicationTests using Java 17.0.12 with PID 28484 (started by rsshr in C:\work\moment-forever-payment)
2026-09-14 23:28:33.684 [main] [39mDEBUG[0;39m [36mc.f.M.PaymentServiceApplicationTests[0;39m - Running with Spring Boot v3.1.5, Spring v6.0.13
2026-09-14 23:28:33.684 [main] [34mINFO [0;39m [36mc.f.M.PaymentServiceApplicationTests[0;39m - The following 1 profile is active: "test"
2026-09-14 23:28:35.962 [main] [34mINFO [0;39m [36mo.s.d.r.c.RepositoryConfigurationDelegate[0;39m - Bootstrapping Spring Data JPA repositories in DEFAULT mode.
2026-09-14 23:28:36.482 [main] [34mINFO [0;39m [36mo.s.d.r.c.RepositoryConfigurationDelegate[0;39m - Finished Spring Data repository scanning in 500 ms. Found 4 JPA repository interfaces.
2026-09-14 23:28:37.392 [main] [34mINFO [0;39m [36mo.s.cloud.context.scope.GenericScope[0;39m - BeanFactory id=ed1d0e04-97bd-3b11-8d26-fc1458665d9a
2026-09-14 23:28:39.694 [main] [34mINFO [0;39m [36mo.h.jpa.internal.util.LogHelper[0;39m - HHH000204: Processing PersistenceUnitInfo [name: default]
2026-09-14 23:28:39.832 [main] [34mINFO [0;39m [36morg.hibernate.Version[0;39m - HHH000412: Hibernate ORM core version 6.2.13.Final
2026-09-14 23:28:39.838 [main] [34mINFO [0;39m [36morg.hibernate.cfg.Environment[0;39m - HHH000406: Using bytecode reflection optimizer
2026-09-14 23:28:40.428 [main] [34mINFO [0;39m [36mo.s.o.j.p.SpringPersistenceUnitInfo[0;39m - No LoadTimeWeaver setup: ignoring JPA class transformer
2026-09-14 23:28:40.532 [main] [34mINFO [0;39m [36mcom.zaxxer.hikari.HikariDataSource[0;39m - MomentForeverPayment-HikariPool - Starting...
2026-09-14 23:28:40.941 [main] [34mINFO [0;39m [36mcom.zaxxer.hikari.pool.HikariPool[0;39m - MomentForeverPayment-HikariPool - Added connection conn0: url=jdbc:h2:mem:testdb user=SA
2026-09-14 23:28:40.944 [main] [34mINFO [0;39m [36mcom.zaxxer.hikari.HikariDataSource[0;39m - MomentForeverPayment-HikariPool - Start completed.
2026-09-14 23:28:42.954 [main] [34mINFO [0;39m [36mo.h.e.t.j.p.i.JtaPlatformInitiator[0;39m - HHH000489: No JTA platform available (set 'hibernate.transaction.jta.platform' to enable JTA platform integration)
2026-09-14 23:28:42.995 [main] [34mINFO [0;39m [36mo.hibernate.orm.connections.access[0;39m - HHH10001501: Connection obtained from JdbcConnectionAccess [org.hibernate.engine.jdbc.env.internal.JdbcEnvironmentInitiator$ConnectionProviderJdbcConnectionAccess@57d1edf0] for (non-JTA) DDL execution was not in auto-commit mode; the Connection 'local transaction' will be committed and the Connection will be set into auto-commit mode.
2026-09-14 23:28:43.011 [main] [34mINFO [0;39m [36mo.hibernate.orm.connections.access[0;39m - HHH10001501: Connection obtained from JdbcConnectionAccess [org.hibernate.engine.jdbc.env.internal.JdbcEnvironmentInitiator$ConnectionProviderJdbcConnectionAccess@44e19b99] for (non-JTA) DDL execution was not in auto-commit mode; the Connection 'local transaction' will be committed and the Connection will be set into auto-commit mode.
2026-09-14 23:28:43.051 [main] [34mINFO [0;39m [36mo.s.o.j.LocalContainerEntityManagerFactoryBean[0;39m - Initialized JPA EntityManagerFactory for persistence unit 'default'
2026-09-14 23:28:43.652 [main] [34mINFO [0;39m [36mo.s.d.j.r.query.QueryEnhancerFactory[0;39m - Hibernate is in classpath; If applicable, HQL parser will be used.
2026-09-14 23:28:47.269 [main] [31mWARN [0;39m [36mo.s.c.l.c.LoadBalancerCacheAutoConfiguration$LoadBalancerCaffeineWarnLogger[0;39m - Spring Cloud LoadBalancer is currently working with the default cache. While this cache implementation is useful for development and tests, it's recommended to use Caffeine cache in production.You can switch to using Caffeine cache, by adding it and org.springframework.cache.caffeine.CaffeineCacheManager to the classpath.
2026-09-14 23:28:47.282 [main] [34mINFO [0;39m [36mo.s.b.a.e.web.EndpointLinksResolver[0;39m - Exposing 1 endpoint(s) beneath base path '/actuator'
2026-09-14 23:28:47.614 [main] [34mINFO [0;39m [36mc.f.M.PaymentServiceApplicationTests[0;39m - Started PaymentServiceApplicationTests in 14.684 seconds (process running for 16.542)
2026-09-14 23:28:48.198 [main] [34mINFO [0;39m [36mc.f.M.service.PaymentProcessService[0;39m - Received payment request for bookingId=booking-integration-1
2026-09-14 23:28:48.797 [main] [34mINFO [0;39m [36mc.f.M.service.PaymentOutboxService[0;39m - Created new outbox record id=1 for bookingId=booking-integration-1, inboundPaymentEventType=PAYMENT_REQUESTED
2026-09-14 23:28:48.902 [main] [39mDEBUG[0;39m [36mc.f.M.service.PaymentOutboxService[0;39m - Marked outbox id=1 as PROCESSING
2026-09-14 23:28:48.931 [main] [34mINFO [0;39m [36mc.f.M.s.OutgoingPaymentOutboxService[0;39m - Created outgoing outbox record id=1, type=PAYMENT_INITIATED, bookingId=booking-integration-1
2026-09-14 23:28:48.936 [main] [39mDEBUG[0;39m [36mc.f.M.service.PaymentOutboxService[0;39m - Marked outbox id=1 as PROCESSED
2026-09-14 23:28:48.938 [main] [34mINFO [0;39m [36mc.f.M.s.PaymentTransactionService[0;39m - Persisted payment result and outgoing event for bookingId=booking-integration-1
2026-09-14 23:28:49.177 [SpringApplicationShutdownHook] [34mINFO [0;39m [36mo.s.o.j.LocalContainerEntityManagerFactoryBean[0;39m - Closing JPA EntityManagerFactory for persistence unit 'default'
2026-09-14 23:28:49.179 [SpringApplicationShutdownHook] [31mWARN [0;39m [36mo.h.e.jdbc.spi.SqlExceptionHelper[0;39m - SQL Error: 90121, SQLState: 90121
2026-09-14 23:28:49.180 [SpringApplicationShutdownHook] [1;31mERROR[0;39m [36mo.h.e.jdbc.spi.SqlExceptionHelper[0;39m - Database is already closed (to disable automatic closing at VM shutdown, add ";DB_CLOSE_ON_EXIT=FALSE" to the db URL) [90121-214]
2026-09-14 23:28:49.182 [SpringApplicationShutdownHook] [31mWARN [0;39m [36mo.h.e.jdbc.spi.SqlExceptionHelper[0;39m - SQL Error: 90121, SQLState: 90121
2026-09-14 23:28:49.183 [SpringApplicationShutdownHook] [1;31mERROR[0;39m [36mo.h.e.jdbc.spi.SqlExceptionHelper[0;39m - Database is already closed (to disable automatic closing at VM shutdown, add ";DB_CLOSE_ON_EXIT=FALSE" to the db URL) [90121-214]
2026-09-14 23:28:49.187 [SpringApplicationShutdownHook] [31mWARN [0;39m [36mo.s.b.f.s.DisposableBeanAdapter[0;39m - Invocation of destroy method failed on bean with name 'entityManagerFactory': org.hibernate.exception.JDBCConnectionException: Unable to release JDBC Connection used for DDL execution [Database is already closed (to disable automatic closing at VM shutdown, add ";DB_CLOSE_ON_EXIT=FALSE" to the db URL) [90121-214]] [n/a]
2026-09-14 23:28:49.188 [SpringApplicationShutdownHook] [34mINFO [0;39m [36mcom.zaxxer.hikari.HikariDataSource[0;39m - MomentForeverPayment-HikariPool - Shutdown initiated...
2026-09-14 23:28:49.192 [SpringApplicationShutdownHook] [34mINFO [0;39m [36mcom.zaxxer.hikari.HikariDataSource[0;39m - MomentForeverPayment-HikariPool - Shutdown completed.
