2026-09-27 16:10:38.307 [main] [34mINFO [0;39m [36mo.a.k.c.consumer.ConsumerConfig[0;39m - ConsumerConfig values: 
	allow.auto.create.topics = true
	auto.commit.interval.ms = 5000
	auto.include.jmx.reporter = true
	auto.offset.reset = earliest
	bootstrap.servers = [localhost:9092]
	check.crcs = true
	client.dns.lookup = use_all_dns_ips
	client.id = consumer-payment-service-group-1
	client.rack = 
	connections.max.idle.ms = 540000
	default.api.timeout.ms = 60000
	enable.auto.commit = false
	exclude.internal.topics = true
	fetch.max.bytes = 52428800
	fetch.max.wait.ms = 500
	fetch.min.bytes = 1
	group.id = payment-service-group
	group.instance.id = null
	heartbeat.interval.ms = 3000
	interceptor.classes = []
	internal.leave.group.on.close = true
	internal.throw.on.fetch.stable.offset.unsupported = false
	isolation.level = read_uncommitted
	key.deserializer = class org.springframework.kafka.support.serializer.ErrorHandlingDeserializer
	max.partition.fetch.bytes = 1048576
	max.poll.interval.ms = 300000
	max.poll.records = 500
	metadata.max.age.ms = 300000
	metric.reporters = []
	metrics.num.samples = 2
	metrics.recording.level = INFO
	metrics.sample.window.ms = 30000
	partition.assignment.strategy = [class org.apache.kafka.clients.consumer.RangeAssignor, class org.apache.kafka.clients.consumer.CooperativeStickyAssignor]
	receive.buffer.bytes = 65536
	reconnect.backoff.max.ms = 1000
	reconnect.backoff.ms = 50
	request.timeout.ms = 30000
	retry.backoff.ms = 100
	sasl.client.callback.handler.class = null
	sasl.jaas.config = null
	sasl.kerberos.kinit.cmd = /usr/bin/kinit
	sasl.kerberos.min.time.before.relogin = 60000
	sasl.kerberos.service.name = null
	sasl.kerberos.ticket.renew.jitter = 0.05
	sasl.kerberos.ticket.renew.window.factor = 0.8
	sasl.login.callback.handler.class = null
	sasl.login.class = null
	sasl.login.connect.timeout.ms = null
	sasl.login.read.timeout.ms = null
	sasl.login.refresh.buffer.seconds = 300
	sasl.login.refresh.min.period.seconds = 60
	sasl.login.refresh.window.factor = 0.8
	sasl.login.refresh.window.jitter = 0.05
	sasl.login.retry.backoff.max.ms = 10000
	sasl.login.retry.backoff.ms = 100
	sasl.mechanism = GSSAPI
	sasl.oauthbearer.clock.skew.seconds = 30
	sasl.oauthbearer.expected.audience = null
	sasl.oauthbearer.expected.issuer = null
	sasl.oauthbearer.jwks.endpoint.refresh.ms = 3600000
	sasl.oauthbearer.jwks.endpoint.retry.backoff.max.ms = 10000
	sasl.oauthbearer.jwks.endpoint.retry.backoff.ms = 100
	sasl.oauthbearer.jwks.endpoint.url = null
	sasl.oauthbearer.scope.claim.name = scope
	sasl.oauthbearer.sub.claim.name = sub
	sasl.oauthbearer.token.endpoint.url = null
	security.protocol = PLAINTEXT
	security.providers = null
	send.buffer.bytes = 131072
	session.timeout.ms = 45000
	socket.connection.setup.timeout.max.ms = 30000
	socket.connection.setup.timeout.ms = 10000
	ssl.cipher.suites = null
	ssl.enabled.protocols = [TLSv1.2, TLSv1.3]
	ssl.endpoint.identification.algorithm = https
	ssl.engine.factory.class = null
	ssl.key.password = null
	ssl.keymanager.algorithm = SunX509
	ssl.keystore.certificate.chain = null
	ssl.keystore.key = null
	ssl.keystore.location = null
	ssl.keystore.password = null
	ssl.keystore.type = JKS
	ssl.protocol = TLSv1.3
	ssl.provider = null
	ssl.secure.random.implementation = null
	ssl.trustmanager.algorithm = PKIX
	ssl.truststore.certificates = null
	ssl.truststore.location = null
	ssl.truststore.password = null
	ssl.truststore.type = JKS
	value.deserializer = class org.springframework.kafka.support.serializer.ErrorHandlingDeserializer

2026-09-27 16:10:38.509 [main] [34mINFO [0;39m [36mo.a.kafka.common.utils.AppInfoParser[0;39m - Kafka version: 3.4.1
2026-09-27 16:10:38.509 [main] [34mINFO [0;39m [36mo.a.kafka.common.utils.AppInfoParser[0;39m - Kafka commitId: 8a516edc2755df89
2026-09-27 16:10:38.509 [main] [34mINFO [0;39m [36mo.a.kafka.common.utils.AppInfoParser[0;39m - Kafka startTimeMs: 1790505638507
2026-09-27 16:10:38.515 [main] [34mINFO [0;39m [36mo.a.k.clients.consumer.KafkaConsumer[0;39m - [Consumer clientId=consumer-payment-service-group-1, groupId=payment-service-group] Subscribed to topic(s): topic_payment_requested
2026-09-27 16:10:39.129 [org.springframework.kafka.KafkaListenerEndpointContainer#0-0-C-1] [34mINFO [0;39m [36morg.apache.kafka.clients.Metadata[0;39m - [Consumer clientId=consumer-payment-service-group-1, groupId=payment-service-group] Resetting the last seen epoch of partition topic_payment_requested-0 to 2 since the associated topicId changed from null to PFOOVDqWTSeWK9SwaeoglA
2026-09-27 16:10:39.143 [org.springframework.kafka.KafkaListenerEndpointContainer#0-0-C-1] [34mINFO [0;39m [36morg.apache.kafka.clients.Metadata[0;39m - [Consumer clientId=consumer-payment-service-group-1, groupId=payment-service-group] Cluster ID: Some(5L6g3nShT-eMCtK--X86sw)
2026-09-27 16:10:39.152 [org.springframework.kafka.KafkaListenerEndpointContainer#0-0-C-1] [34mINFO [0;39m [36mo.a.k.c.c.i.ConsumerCoordinator[0;39m - [Consumer clientId=consumer-payment-service-group-1, groupId=payment-service-group] Discovered group coordinator localhost:9092 (id: 2147483646 rack: null)
2026-09-27 16:10:39.160 [org.springframework.kafka.KafkaListenerEndpointContainer#0-0-C-1] [34mINFO [0;39m [36mo.a.k.c.c.i.ConsumerCoordinator[0;39m - [Consumer clientId=consumer-payment-service-group-1, groupId=payment-service-group] (Re-)joining group
2026-09-27 16:10:39.242 [org.springframework.kafka.KafkaListenerEndpointContainer#0-0-C-1] [34mINFO [0;39m [36mo.a.k.c.c.i.ConsumerCoordinator[0;39m - [Consumer clientId=consumer-payment-service-group-1, groupId=payment-service-group] Request joining group due to: need to re-join with the given member-id: consumer-payment-service-group-1-60fbf1c6-b258-4237-8095-b2fbd2b2addf
2026-09-27 16:10:39.244 [org.springframework.kafka.KafkaListenerEndpointContainer#0-0-C-1] [34mINFO [0;39m [36mo.a.k.c.c.i.ConsumerCoordinator[0;39m - [Consumer clientId=consumer-payment-service-group-1, groupId=payment-service-group] Request joining group due to: rebalance failed due to 'The group member needs to have a valid member id before actually entering a consumer group.' (MemberIdRequiredException)
2026-09-27 16:10:39.244 [org.springframework.kafka.KafkaListenerEndpointContainer#0-0-C-1] [34mINFO [0;39m [36mo.a.k.c.c.i.ConsumerCoordinator[0;39m - [Consumer clientId=consumer-payment-service-group-1, groupId=payment-service-group] (Re-)joining group
2026-09-27 16:10:42.254 [org.springframework.kafka.KafkaListenerEndpointContainer#0-0-C-1] [34mINFO [0;39m [36mo.a.k.c.c.i.ConsumerCoordinator[0;39m - [Consumer clientId=consumer-payment-service-group-1, groupId=payment-service-group] Successfully joined group with generation Generation{generationId=1, memberId='consumer-payment-service-group-1-60fbf1c6-b258-4237-8095-b2fbd2b2addf', protocol='range'}
2026-09-27 16:10:42.256 [org.springframework.kafka.KafkaListenerEndpointContainer#0-0-C-1] [34mINFO [0;39m [36mo.a.k.c.c.i.ConsumerCoordinator[0;39m - [Consumer clientId=consumer-payment-service-group-1, groupId=payment-service-group] Finished assignment for group at generation 1: {consumer-payment-service-group-1-60fbf1c6-b258-4237-8095-b2fbd2b2addf=Assignment(partitions=[topic_payment_requested-0])}
2026-09-27 16:10:42.266 [org.springframework.kafka.KafkaListenerEndpointContainer#0-0-C-1] [34mINFO [0;39m [36mo.a.k.c.c.i.ConsumerCoordinator[0;39m - [Consumer clientId=consumer-payment-service-group-1, groupId=payment-service-group] Successfully synced group in generation Generation{generationId=1, memberId='consumer-payment-service-group-1-60fbf1c6-b258-4237-8095-b2fbd2b2addf', protocol='range'}
2026-09-27 16:10:42.268 [org.springframework.kafka.KafkaListenerEndpointContainer#0-0-C-1] [34mINFO [0;39m [36mo.a.k.c.c.i.ConsumerCoordinator[0;39m - [Consumer clientId=consumer-payment-service-group-1, groupId=payment-service-group] Notifying assignor about the new Assignment(partitions=[topic_payment_requested-0])
2026-09-27 16:10:42.271 [org.springframework.kafka.KafkaListenerEndpointContainer#0-0-C-1] [34mINFO [0;39m [36mo.a.k.c.c.i.ConsumerCoordinator[0;39m - [Consumer clientId=consumer-payment-service-group-1, groupId=payment-service-group] Adding newly assigned partitions: topic_payment_requested-0
2026-09-27 16:10:42.282 [org.springframework.kafka.KafkaListenerEndpointContainer#0-0-C-1] [34mINFO [0;39m [36mo.a.k.c.c.i.ConsumerCoordinator[0;39m - [Consumer clientId=consumer-payment-service-group-1, groupId=payment-service-group] Found no committed offset for partition topic_payment_requested-0
2026-09-27 16:10:42.302 [org.springframework.kafka.KafkaListenerEndpointContainer#0-0-C-1] [34mINFO [0;39m [36mo.a.k.c.c.i.SubscriptionState[0;39m - [Consumer clientId=consumer-payment-service-group-1, groupId=payment-service-group] Resetting offset for partition topic_payment_requested-0 to position FetchPosition{offset=0, offsetEpoch=Optional.empty, currentLeader=LeaderAndEpoch{leader=Optional[localhost:9092 (id: 1 rack: null)], epoch=2}}.
2026-09-27 16:10:42.303 [org.springframework.kafka.KafkaListenerEndpointContainer#0-0-C-1] [34mINFO [0;39m [36mo.s.k.l.KafkaMessageListenerContainer[0;39m - payment-service-group: partitions assigned: [topic_payment_requested-0]
