2026-09-14 22:36:37.122 [main] [39mDEBUG[0;39m [36morg.hibernate.SQL[0;39m - 
    drop table if exists outgoing_payment_outbox cascade 
2026-09-14 22:36:37.160 [main] [39mDEBUG[0;39m [36morg.hibernate.SQL[0;39m - 
    drop table if exists payment cascade 
2026-09-14 22:36:37.161 [main] [39mDEBUG[0;39m [36morg.hibernate.SQL[0;39m - 
    drop table if exists payment_outbox cascade 
2026-09-14 22:36:37.161 [main] [39mDEBUG[0;39m [36morg.hibernate.SQL[0;39m - 
    drop table if exists webhook_inbox cascade 
2026-09-14 22:36:37.197 [main] [39mDEBUG[0;39m [36morg.hibernate.SQL[0;39m - 
    create table outgoing_payment_outbox (
        retry_count integer not null,
        created_at timestamp(6) not null,
        id bigint generated by default as identity,
        updated_at timestamp(6) not null,
        version bigint,
        booking_id varchar(255) not null,
        event_id varchar(255) not null,
        event_type varchar(255) not null,
        payload TEXT,
        producer varchar(255) not null,
        status varchar(255) not null,
        primary key (id),
        constraint uq_out_payment_booking_event unique (producer, event_id)
    )
2026-09-14 22:36:37.254 [main] [39mDEBUG[0;39m [36morg.hibernate.SQL[0;39m - 
    create table payment (
        amount numeric(38,2),
        created_at timestamp(6) not null,
        id bigint generated by default as identity,
        updated_at timestamp(6),
        payment_url varchar(1000),
        booking_id varchar(255),
        correlation_id varchar(255),
        currency varchar(255),
        provider varchar(255),
        provider_session_id varchar(255),
        status varchar(255) check (status in ('PENDING','SUCCESS','FAILED')),
        transaction_id varchar(255),
        primary key (id)
    )
2026-09-14 22:36:37.268 [main] [39mDEBUG[0;39m [36morg.hibernate.SQL[0;39m - 
    create table payment_outbox (
        retry_count integer not null,
        created_at timestamp(6) not null,
        id bigint generated by default as identity,
        updated_at timestamp(6) not null,
        version bigint,
        booking_id varchar(255) not null,
        event_id varchar(255) not null,
        event_type varchar(255) not null,
        payload TEXT,
        producer varchar(255) not null,
        status varchar(255) not null,
        primary key (id),
        constraint UKd25fvwqihfrcetp83715ns7s2 unique (producer, event_id)
    )
2026-09-14 22:36:37.279 [main] [39mDEBUG[0;39m [36morg.hibernate.SQL[0;39m - 
    create table webhook_inbox (
        created_at timestamp(6) not null,
        id bigint generated by default as identity,
        event_id varchar(255) not null unique,
        provider varchar(255) not null,
        status varchar(255),
        primary key (id)
    )
2026-09-14 22:36:46.710 [main] [39mDEBUG[0;39m [36morg.hibernate.SQL[0;39m - 
    select
        p1_0.id,
        p1_0.booking_id,
        p1_0.created_at,
        p1_0.event_id,
        p1_0.event_type,
        p1_0.payload,
        p1_0.producer,
        p1_0.retry_count,
        p1_0.status,
        p1_0.updated_at,
        p1_0.version 
    from
        payment_outbox p1_0 
    where
        p1_0.producer=? 
        and p1_0.event_id=?
2026-09-14 22:36:46.915 [main] [39mDEBUG[0;39m [36morg.hibernate.SQL[0;39m - 
    insert 
    into
        payment_outbox
        (booking_id,created_at,event_id,event_type,payload,producer,retry_count,status,updated_at,version,id) 
    values
        (?,?,?,?,?,?,?,?,?,?,default)
2026-09-14 22:36:46.972 [main] [39mDEBUG[0;39m [36morg.hibernate.SQL[0;39m - 
    select
        p1_0.id,
        p1_0.booking_id,
        p1_0.created_at,
        p1_0.event_id,
        p1_0.event_type,
        p1_0.payload,
        p1_0.producer,
        p1_0.retry_count,
        p1_0.status,
        p1_0.updated_at,
        p1_0.version 
    from
        payment_outbox p1_0 
    where
        p1_0.id=?
2026-09-14 22:36:47.009 [main] [39mDEBUG[0;39m [36morg.hibernate.SQL[0;39m - 
    update
        payment_outbox 
    set
        booking_id=?,
        event_id=?,
        event_type=?,
        payload=?,
        producer=?,
        retry_count=?,
        status=?,
        updated_at=?,
        version=? 
    where
        id=? 
        and version=?
2026-09-14 22:36:47.035 [main] [39mDEBUG[0;39m [36morg.hibernate.SQL[0;39m - 
    insert 
    into
        payment
        (amount,booking_id,correlation_id,created_at,currency,payment_url,provider,provider_session_id,status,transaction_id,updated_at,id) 
    values
        (?,?,?,?,?,?,?,?,?,?,?,default)
2026-09-14 22:36:47.053 [main] [39mDEBUG[0;39m [36morg.hibernate.SQL[0;39m - 
    insert 
    into
        outgoing_payment_outbox
        (booking_id,created_at,event_id,event_type,payload,producer,retry_count,status,updated_at,version,id) 
    values
        (?,?,?,?,?,?,?,?,?,?,default)
2026-09-14 22:36:47.060 [main] [39mDEBUG[0;39m [36morg.hibernate.SQL[0;39m - 
    select
        p1_0.id,
        p1_0.booking_id,
        p1_0.created_at,
        p1_0.event_id,
        p1_0.event_type,
        p1_0.payload,
        p1_0.producer,
        p1_0.retry_count,
        p1_0.status,
        p1_0.updated_at,
        p1_0.version 
    from
        payment_outbox p1_0 
    where
        p1_0.id=?
2026-09-14 22:36:47.067 [main] [39mDEBUG[0;39m [36morg.hibernate.SQL[0;39m - 
    update
        payment_outbox 
    set
        booking_id=?,
        event_id=?,
        event_type=?,
        payload=?,
        producer=?,
        retry_count=?,
        status=?,
        updated_at=?,
        version=? 
    where
        id=? 
        and version=?
2026-09-14 22:36:47.076 [main] [39mDEBUG[0;39m [36morg.hibernate.SQL[0;39m - 
    select
        p1_0.id,
        p1_0.booking_id,
        p1_0.created_at,
        p1_0.event_id,
        p1_0.event_type,
        p1_0.payload,
        p1_0.producer,
        p1_0.retry_count,
        p1_0.status,
        p1_0.updated_at,
        p1_0.version 
    from
        payment_outbox p1_0 
    where
        p1_0.producer=? 
        and p1_0.event_id=?
2026-09-14 22:36:47.095 [main] [39mDEBUG[0;39m [36morg.hibernate.SQL[0;39m - 
    select
        o1_0.id,
        o1_0.booking_id,
        o1_0.created_at,
        o1_0.event_id,
        o1_0.event_type,
        o1_0.payload,
        o1_0.producer,
        o1_0.retry_count,
        o1_0.status,
        o1_0.updated_at,
        o1_0.version 
    from
        outgoing_payment_outbox o1_0 
    where
        o1_0.booking_id=? 
        and o1_0.event_type=? 
    order by
        o1_0.created_at desc 
    fetch
        first ? rows only
2026-09-14 22:36:47.161 [main] [39mDEBUG[0;39m [36morg.hibernate.SQL[0;39m - 
    select
        count(*) 
    from
        payment p1_0
2026-09-14 22:36:47.452 [SpringApplicationShutdownHook] [39mDEBUG[0;39m [36morg.hibernate.SQL[0;39m - 
    drop table if exists outgoing_payment_outbox cascade 
2026-09-14 23:28:42.992 [main] [39mDEBUG[0;39m [36morg.hibernate.SQL[0;39m - 
    drop table if exists outgoing_payment_outbox cascade 
2026-09-14 23:28:43.001 [main] [39mDEBUG[0;39m [36morg.hibernate.SQL[0;39m - 
    drop table if exists payment cascade 
2026-09-14 23:28:43.002 [main] [39mDEBUG[0;39m [36morg.hibernate.SQL[0;39m - 
    drop table if exists payment_outbox cascade 
2026-09-14 23:28:43.002 [main] [39mDEBUG[0;39m [36morg.hibernate.SQL[0;39m - 
    drop table if exists webhook_inbox cascade 
2026-09-14 23:28:43.011 [main] [39mDEBUG[0;39m [36morg.hibernate.SQL[0;39m - 
    create table outgoing_payment_outbox (
        retry_count integer not null,
        created_at timestamp(6) not null,
        id bigint generated by default as identity,
        updated_at timestamp(6) not null,
        version bigint,
        booking_id varchar(255) not null,
        event_id varchar(255) not null,
        event_type varchar(255) not null,
        payload TEXT,
        producer varchar(255) not null,
        status varchar(255) not null,
        primary key (id),
        constraint uq_out_payment_booking_event unique (producer, event_id)
    )
2026-09-14 23:28:43.033 [main] [39mDEBUG[0;39m [36morg.hibernate.SQL[0;39m - 
    create table payment (
        amount numeric(38,2),
        created_at timestamp(6) not null,
        id bigint generated by default as identity,
        updated_at timestamp(6),
        payment_url varchar(1000),
        booking_id varchar(255),
        correlation_id varchar(255),
        currency varchar(255),
        provider varchar(255),
        provider_session_id varchar(255),
        status varchar(255) check (status in ('PENDING','SUCCESS','FAILED')),
        transaction_id varchar(255),
        primary key (id)
    )
2026-09-14 23:28:43.038 [main] [39mDEBUG[0;39m [36morg.hibernate.SQL[0;39m - 
    create table payment_outbox (
        retry_count integer not null,
        created_at timestamp(6) not null,
        id bigint generated by default as identity,
        updated_at timestamp(6) not null,
        version bigint,
        booking_id varchar(255) not null,
        event_id varchar(255) not null,
        event_type varchar(255) not null,
        payload TEXT,
        producer varchar(255) not null,
        status varchar(255) not null,
        primary key (id),
        constraint UKd25fvwqihfrcetp83715ns7s2 unique (producer, event_id)
    )
2026-09-14 23:28:43.042 [main] [39mDEBUG[0;39m [36morg.hibernate.SQL[0;39m - 
    create table webhook_inbox (
        created_at timestamp(6) not null,
        id bigint generated by default as identity,
        event_id varchar(255) not null unique,
        provider varchar(255) not null,
        status varchar(255),
        primary key (id)
    )
2026-09-14 23:28:48.477 [main] [39mDEBUG[0;39m [36morg.hibernate.SQL[0;39m - 
    select
        p1_0.id,
        p1_0.booking_id,
        p1_0.created_at,
        p1_0.event_id,
        p1_0.event_type,
        p1_0.payload,
        p1_0.producer,
        p1_0.retry_count,
        p1_0.status,
        p1_0.updated_at,
        p1_0.version 
    from
        payment_outbox p1_0 
    where
        p1_0.producer=? 
        and p1_0.event_id=?
2026-09-14 23:28:48.734 [main] [39mDEBUG[0;39m [36morg.hibernate.SQL[0;39m - 
    insert 
    into
        payment_outbox
        (booking_id,created_at,event_id,event_type,payload,producer,retry_count,status,updated_at,version,id) 
    values
        (?,?,?,?,?,?,?,?,?,?,default)
2026-09-14 23:28:48.849 [main] [39mDEBUG[0;39m [36morg.hibernate.SQL[0;39m - 
    select
        p1_0.id,
        p1_0.booking_id,
        p1_0.created_at,
        p1_0.event_id,
        p1_0.event_type,
        p1_0.payload,
        p1_0.producer,
        p1_0.retry_count,
        p1_0.status,
        p1_0.updated_at,
        p1_0.version 
    from
        payment_outbox p1_0 
    where
        p1_0.id=?
2026-09-14 23:28:48.893 [main] [39mDEBUG[0;39m [36morg.hibernate.SQL[0;39m - 
    update
        payment_outbox 
    set
        booking_id=?,
        event_id=?,
        event_type=?,
        payload=?,
        producer=?,
        retry_count=?,
        status=?,
        updated_at=?,
        version=? 
    where
        id=? 
        and version=?
2026-09-14 23:28:48.917 [main] [39mDEBUG[0;39m [36morg.hibernate.SQL[0;39m - 
    insert 
    into
        payment
        (amount,booking_id,correlation_id,created_at,currency,payment_url,provider,provider_session_id,status,transaction_id,updated_at,id) 
    values
        (?,?,?,?,?,?,?,?,?,?,?,default)
2026-09-14 23:28:48.929 [main] [39mDEBUG[0;39m [36morg.hibernate.SQL[0;39m - 
    insert 
    into
        outgoing_payment_outbox
        (booking_id,created_at,event_id,event_type,payload,producer,retry_count,status,updated_at,version,id) 
    values
        (?,?,?,?,?,?,?,?,?,?,default)
2026-09-14 23:28:48.933 [main] [39mDEBUG[0;39m [36morg.hibernate.SQL[0;39m - 
    select
        p1_0.id,
        p1_0.booking_id,
        p1_0.created_at,
        p1_0.event_id,
        p1_0.event_type,
        p1_0.payload,
        p1_0.producer,
        p1_0.retry_count,
        p1_0.status,
        p1_0.updated_at,
        p1_0.version 
    from
        payment_outbox p1_0 
    where
        p1_0.id=?
2026-09-14 23:28:48.940 [main] [39mDEBUG[0;39m [36morg.hibernate.SQL[0;39m - 
    update
        payment_outbox 
    set
        booking_id=?,
        event_id=?,
        event_type=?,
        payload=?,
        producer=?,
        retry_count=?,
        status=?,
        updated_at=?,
        version=? 
    where
        id=? 
        and version=?
2026-09-14 23:28:48.950 [main] [39mDEBUG[0;39m [36morg.hibernate.SQL[0;39m - 
    select
        p1_0.id,
        p1_0.booking_id,
        p1_0.created_at,
        p1_0.event_id,
        p1_0.event_type,
        p1_0.payload,
        p1_0.producer,
        p1_0.retry_count,
        p1_0.status,
        p1_0.updated_at,
        p1_0.version 
    from
        payment_outbox p1_0 
    where
        p1_0.producer=? 
        and p1_0.event_id=?
2026-09-14 23:28:48.959 [main] [39mDEBUG[0;39m [36morg.hibernate.SQL[0;39m - 
    select
        o1_0.id,
        o1_0.booking_id,
        o1_0.created_at,
        o1_0.event_id,
        o1_0.event_type,
        o1_0.payload,
        o1_0.producer,
        o1_0.retry_count,
        o1_0.status,
        o1_0.updated_at,
        o1_0.version 
    from
        outgoing_payment_outbox o1_0 
    where
        o1_0.booking_id=? 
        and o1_0.event_type=? 
    order by
        o1_0.created_at desc 
    fetch
        first ? rows only
2026-09-14 23:28:49.010 [main] [39mDEBUG[0;39m [36morg.hibernate.SQL[0;39m - 
    select
        count(*) 
    from
        payment p1_0
2026-09-14 23:28:49.178 [SpringApplicationShutdownHook] [39mDEBUG[0;39m [36morg.hibernate.SQL[0;39m - 
    drop table if exists outgoing_payment_outbox cascade 
